Microchip MPLAB XC8 Compiler V2.32

Linker command line:

-W-3 --edf=C:\Program Files\Microchip\xc8\v2.32\pic\dat\en_msgs.txt -cn \
  -h+dist/default/production\17015013_Homework.X.production.sym \
  --cmf=dist/default/production\17015013_Homework.X.production.cmf -z \
  -Q18F45K22 -oC:\Users\izzet\AppData\Local\Temp\xcAse3g.4 \
  --defsym=__MPLAB_BUILD=1 \
  -Mdist/default/production/17015013_Homework.X.production.map -E1 \
  -ver=XC8 Compiler --acfsm=1493 -ASTACK=018Bh-05FFh -pstack=STACK \
  -ACODE=00h-07FFFh -ACONST=00h-07FFFh -ASMALLCONST=0600h-06FFhx122 \
  -AMEDIUMCONST=0600h-07FFFh -ACOMRAM=01h-05Fh -AABS1=00h-05FFh \
  -ABIGRAM=01h-05FFh -ARAM=060h-0FFh,0100h-01FFhx5 -ABANK0=060h-0FFh \
  -ABANK1=0100h-01FFh -ABANK2=0200h-02FFh -ABANK3=0300h-03FFh \
  -ABANK4=0400h-04FFh -ABANK5=0500h-05FFh -ASFR=0F38h-0F5Fh,0F60h-0FFFh \
  -ACONFIG=0300000h-030000Dh -AIDLOC=0200000h-0200007h \
  -AEEDATA=0F00000h-0F000FFh -peeprom_data=EEDATA \
  -preset_vec=00h,intcode=08h,intcodelo,powerup,init -pramtop=0600h \
  -psmallconst=SMALLCONST -pmediumconst=MEDIUMCONST -pconst=CONST \
  -AFARRAM=00h-00h \
  -prdata=COMRAM,nvrram=COMRAM,nvbit=COMRAM,rbss=COMRAM,rbit=COMRAM \
  -pfarbss=FARRAM,fardata=FARRAM,nvFARRAM=FARRAM \
  -pintsave_regs=BIGRAM,bigbss=BIGRAM,bigdata=BIGRAM -pbss=RAM \
  -pidata=CODE,irdata=CODE,ibigdata=CODE,ifardata=CODE -prparam=COMRAM \
  C:\Users\izzet\AppData\Local\Temp\xcAse3g.o \
  dist/default/production\17015013_Homework.X.production.o 

Object code version is 3.11

Machine type is 18F45K22



                Name                               Link     Load   Length Selector   Space Scale
C:\Users\izzet\AppData\Local\Temp\xcAse3g.o
                idloc                            200000   200000        8        0       5
                config                           300000   300000        E        0       4
                init                                 FE       FE        4        4       0
                reset_vec                             0        0        4        0       0
dist/default/production\17015013_Homework.X.production.o
                intcode                               8        8       F6        4       0
                idloc                            200000   200000        8        0       5
                config                           300000   300000        E        0       4
                temp                                 51       51        1        1       1
                mediumconst                        7E46     7E46      1BA     3F23       0
                text38                             3526     3526       26        4       0
                text36                             24B4     24B4      1B4        4       0
                text35                             1BB8     1BB8      39A        4       0
                text34                             178C     178C      42C        4       0
                text33                             27F8     27F8      108        4       0
                text32                             2EDA     2EDA       B0        4       0
                text31                             33E8     33E8       3A        4       0
                text30                             357C     357C        E     1ABE       0
                text29                             354C     354C       1A        4       0
                text28                             30C0     30C0       78        4       0
                text27                             31FA     31FA       60        4       0
                text26                             3500     3500       26        4       0
                text25                             3492     3492       38        4       0
                text24                             330A     330A       52        4       0
                text23                             2668     2668      190        4       0
                text22                             2CA4     2CA4       C4        4       0
                text21                             2E2A     2E2A       B0        4       0
                text20                             2F8A     2F8A       AA        4       0
                text19                             2900     2900      106        4       0
                text18                             345A     345A       38        4       0
                text17                             12CA     12CA      4C2        4       0
                text16                             335C     335C       48        4       0
                text15                             2A06     2A06       FE        4       0
                text14                             229E     229E      216        4       0
                text13                             3590     3590        2     1ABE       0
                text12                             2BDA     2BDA       CA        4       0
                text11                             33A4     33A4       44        4       0
                text10                             34CA     34CA       36        4       0
                text9                              2D68     2D68       C2        4       0
                text8                              325A     325A       5C        4       0
                text7                              3422     3422       38        4       0
                text6                              319A     319A       60        4       0
                text5                               102      102      C5C        4       0
                text4                              2B04     2B04       D6        4       0
                text3                               D5E      D5E      56C        4       0
                text2                              3138     3138       62        4       0
                text1                              32B6     32B6       54        4       0
                text0                              1F52     1F52      34C        4       0
                cstackCOMRAM                          1        1       43        1       1
                cstackBANK0                          60       60       8F       60       1
                cstackBANK1                         17B      17B       10      100       1
                dataBANK1                           166      166       15      100       1
                bssBANK1                            100      100       66      100       1
                dataBANK0                            F5       F5        4       60       1
                bssBANK0                             EF       EF        6       60       1
                dataCOMRAM                           4F       4F        2        1       1
                bssCOMRAM                            44       44        B        1       1
                cinit                              3034     3034       8C        4       0
                nvBANK0                              F9       F9        2       60       1
                idataBANK1                         3566     3566       15        4       0
                idataBANK0                         358A     358A        4     1ABE       0
                idataCOMRAM                        358E     358E        2     1ABE       0

TOTAL           Name                               Link     Load   Length     Space
        CLASS   STACK          

        CLASS   CODE           
                intcode                               8        8       F6         0
                init                                 FE       FE        4         0
                reset_vec                             0        0        4         0
                text38                             3526     3526       26         0
                text36                             24B4     24B4      1B4         0
                text35                             1BB8     1BB8      39A         0
                text34                             178C     178C      42C         0
                text33                             27F8     27F8      108         0
                text32                             2EDA     2EDA       B0         0
                text31                             33E8     33E8       3A         0
                text30                             357C     357C        E         0
                text29                             354C     354C       1A         0
                text28                             30C0     30C0       78         0
                text27                             31FA     31FA       60         0
                text26                             3500     3500       26         0
                text25                             3492     3492       38         0
                text24                             330A     330A       52         0
                text23                             2668     2668      190         0
                text22                             2CA4     2CA4       C4         0
                text21                             2E2A     2E2A       B0         0
                text20                             2F8A     2F8A       AA         0
                text19                             2900     2900      106         0
                text18                             345A     345A       38         0
                text17                             12CA     12CA      4C2         0
                text16                             335C     335C       48         0
                text15                             2A06     2A06       FE         0
                text14                             229E     229E      216         0
                text13                             3590     3590        2         0
                text12                             2BDA     2BDA       CA         0
                text11                             33A4     33A4       44         0
                text10                             34CA     34CA       36         0
                text9                              2D68     2D68       C2         0
                text8                              325A     325A       5C         0
                text7                              3422     3422       38         0
                text6                              319A     319A       60         0
                text5                               102      102      C5C         0
                text4                              2B04     2B04       D6         0
                text3                               D5E      D5E      56C         0
                text2                              3138     3138       62         0
                text1                              32B6     32B6       54         0
                text0                              1F52     1F52      34C         0
                cinit                              3034     3034       8C         0
                idataBANK1                         3566     3566       15         0
                idataBANK0                         358A     358A        4         0
                idataCOMRAM                        358E     358E        2         0

        CLASS   CONST          

        CLASS   SMALLCONST     

        CLASS   MEDIUMCONST    
                mediumconst                        7E46     7E46      1BA         0

        CLASS   COMRAM         
                temp                                 51       51        1         1
                cstackCOMRAM                          1        1       43         1
                dataCOMRAM                           4F       4F        2         1
                bssCOMRAM                            44       44        B         1

        CLASS   ABS1           

        CLASS   BIGRAM         

        CLASS   RAM            

        CLASS   BANK0          
                cstackBANK0                          60       60       8F         1
                dataBANK0                            F5       F5        4         1
                bssBANK0                             EF       EF        6         1
                nvBANK0                              F9       F9        2         1

        CLASS   BANK1          
                cstackBANK1                         17B      17B       10         1
                dataBANK1                           166      166       15         1
                bssBANK1                            100      100       66         1

        CLASS   BANK2          

        CLASS   BANK3          

        CLASS   BANK4          

        CLASS   BANK5          

        CLASS   SFR            

        CLASS   CONFIG         
                config                           300000   300000        E         4

        CLASS   IDLOC          
                idloc                            200000   200000        8         5

        CLASS   EEDATA         

        CLASS   FARRAM         



SEGMENTS        Name                           Load    Length   Top    Selector   Space  Class

                reset_vec                      000000  000004  000004         0       0  CODE    
                cstackCOMRAM                   000001  000051  000052         1       1  COMRAM  
                intcode                        000008  003573  00357B         4       0  CODE    
                cstackBANK0                    000060  00009B  0000FB        60       1  BANK0   
                bssBANK1                       000100  00008B  00018B       100       1  BANK1   
                text30                         00357C  000016  003592      1ABE       0  CODE    
                mediumconst                    007E46  0001BA  008000      3F23       0  MEDIUMCO


UNUSED ADDRESS RANGES

        Name                Unused          Largest block    Delta
        BANK0            0000FB-0000FF                5
        BANK1            00018B-0001FF               75
        BANK2            000200-0002FF              100
        BANK3            000300-0003FF              100
        BANK4            000400-0004FF              100
        BANK5            000500-0005FF              100
        BIGRAM           000052-00005F                E
                         0000FB-0000FF                5
                         00018B-0005FF              475
        CODE             000004-000007                4
                         00357B-00357B                1
                         003592-007E45             48B4
        COMRAM           000052-00005F                E
        CONST            000004-000007                4
                         00357B-00357B                1
                         003592-007E45             48B4
        EEDATA           F00000-F000FF              100
        MEDIUMCONST      00357B-00357B                1
                         003592-007E45             48B4
        RAM              0000FB-0000FF                5
                         00018B-0005FF              100
        SFR              000F38-000FFF               28
        SMALLCONST       00357B-00357B                1
                         003592-007E45              100
        STACK            00018B-0005FF              475

                                  Symbol Table

?___awdiv                      cstackCOMRAM 00000F
?___awmod                      cstackCOMRAM 00000F
?___fladd                      cstackBANK0  000071
?___fldiv                      cstackCOMRAM 000023
?___flmul                      cstackCOMRAM 00003C
?___flneg                      cstackCOMRAM 00000F
?___flsub                      cstackBANK0  000081
?___fltol                      cstackBANK0  000071
?___fpclassifyf                cstackCOMRAM 00000F
?___wmul                       cstackCOMRAM 00000F
?___xxtofl                     cstackCOMRAM 000015
?_atoi                         cstackCOMRAM 000016
?_efgtoa                       cstackBANK0  000089
?_floorf                       cstackCOMRAM 00003C
?_isdigit                      cstackCOMRAM 00000F
?_isspace                      cstackCOMRAM 00000F
?_isupper                      cstackCOMRAM 00000F
?_pad                          cstackCOMRAM 00001F
?_sprintf                      cstackBANK1  00017B
?_strlen                       cstackCOMRAM 00000F
?_strncmp                      cstackCOMRAM 00000F
?_tolower                      cstackCOMRAM 000015
?_vfpfcnvrt                    cstackBANK0  0000CD
?_vfprintf                     cstackBANK0  0000E5
?i2___wmul                     cstackCOMRAM 000001
_ADCON0                        (abs)        000FC2
_ADCON0bits                    (abs)        000FC2
_ADCON1                        (abs)        000FC1
_ADCON2                        (abs)        000FC0
_ADRESH                        (abs)        000FC4
_ADRESL                        (abs)        000FC3
_ANSELA                        (abs)        000F38
_ANSELB                        (abs)        000F39
_ANSELD                        (abs)        000F3B
_Analog                        bssBANK1     000100
_GIE                           (abs)        007F97
_GODONE                        (abs)        007E11
_PORTA                         (abs)        000F80
_PORTB                         (abs)        000F81
_PORTBbits                     (abs)        000F81
_PORTD                         (abs)        000F83
_T0CON                         (abs)        000FD5
_TMR0H                         (abs)        000FD7
_TMR0IE                        (abs)        007F95
_TMR0IF                        (abs)        007F92
_TMR0IP                        (abs)        007F8A
_TMR0L                         (abs)        000FD6
_TRISA                         (abs)        000F92
_TRISB                         (abs)        000F93
_TRISD                         (abs)        000F95
__HRAM                         (abs)        000000
__Habs1                        abs1         000000
__Hbank0                       bank0        000000
__Hbank1                       bank1        000000
__Hbank2                       bank2        000000
__Hbank3                       bank3        000000
__Hbank4                       bank4        000000
__Hbank5                       bank5        000000
__Hbigbss                      bigbss       000000
__Hbigdata                     bigdata      000000
__Hbigram                      bigram       000000
__Hbss                         bss          000000
__HbssBANK0                    bssBANK0     000000
__HbssBANK1                    bssBANK1     000000
__HbssCOMRAM                   bssCOMRAM    000000
__Hcinit                       cinit        000000
__Hclrtext                     clrtext      000000
__Hcomram                      comram       000000
__Hconfig                      config       30000E
__Hconst                       const        000000
__HcstackBANK0                 cstackBANK0  000000
__HcstackBANK1                 cstackBANK1  000000
__HcstackCOMRAM                cstackCOMRAM 000000
__Hdata                        data         000000
__HdataBANK0                   dataBANK0    000000
__HdataBANK1                   dataBANK1    000000
__HdataCOMRAM                  dataCOMRAM   000000
__Heeprom_data                 eeprom_data  000000
__Hfarbss                      farbss       000000
__Hfardata                     fardata      000000
__Hibigdata                    ibigdata     000000
__Hidata                       idata        000000
__HidataBANK0                  idataBANK0   000000
__HidataBANK1                  idataBANK1   000000
__HidataCOMRAM                 idataCOMRAM  000000
__Hidloc                       idloc        200008
__Hifardata                    ifardata     000000
__Hinit                        init         000102
__Hintcode                     intcode      0000FE
__Hintcode_body                intcode_body 000000
__Hintcodelo                   intcodelo    0000FE
__Hintentry                    intentry     000000
__Hintret                      intret       000000
__Hintsave_regs                intsave_regs 000000
__Hirdata                      irdata       000000
__Hmediumconst                 mediumconst  008000
__HnvBANK0                     nvBANK0      000000
__HnvFARRAM                    nvFARRAM     000000
__Hnvbit                       nvbit        000000
__Hnvrram                      nvrram       000000
__Hparam                       rparam       000000
__Hpowerup                     powerup      0000FE
__Hram                         ram          000000
__Hramtop                      ramtop       000600
__Hrbit                        rbit         000000
__Hrbss                        rbss         000000
__Hrdata                       rdata        000000
__Hreset_vec                   reset_vec    000004
__Hrparam                      rparam       000000
__Hsfr                         sfr          000000
__Hsmallconst                  smallconst   000000
__Hspace_0                     (abs)        008000
__Hspace_1                     (abs)        00018B
__Hspace_2                     (abs)        000000
__Hspace_4                     (abs)        60000E
__Hstack                       stack        000000
__Hstruct                      struct       000000
__Htemp                        temp         000052
__Htext                        text         000000
__Htext0                       text0        000000
__Htext1                       text1        000000
__Htext10                      text10       000000
__Htext11                      text11       000000
__Htext12                      text12       000000
__Htext13                      text13       000000
__Htext14                      text14       000000
__Htext15                      text15       000000
__Htext16                      text16       000000
__Htext17                      text17       000000
__Htext18                      text18       000000
__Htext19                      text19       000000
__Htext2                       text2        000000
__Htext20                      text20       000000
__Htext21                      text21       000000
__Htext22                      text22       000000
__Htext23                      text23       000000
__Htext24                      text24       000000
__Htext25                      text25       000000
__Htext26                      text26       000000
__Htext27                      text27       000000
__Htext28                      text28       000000
__Htext29                      text29       000000
__Htext3                       text3        000000
__Htext30                      text30       000000
__Htext31                      text31       000000
__Htext32                      text32       000000
__Htext33                      text33       000000
__Htext34                      text34       000000
__Htext35                      text35       000000
__Htext36                      text36       000000
__Htext38                      text38       000000
__Htext4                       text4        000000
__Htext5                       text5        000000
__Htext6                       text6        000000
__Htext7                       text7        000000
__Htext8                       text8        000000
__Htext9                       text9        000000
__LRAM                         (abs)        000001
__Labs1                        abs1         000000
__Lbank0                       bank0        000000
__Lbank1                       bank1        000000
__Lbank2                       bank2        000000
__Lbank3                       bank3        000000
__Lbank4                       bank4        000000
__Lbank5                       bank5        000000
__Lbigbss                      bigbss       000000
__Lbigdata                     bigdata      000000
__Lbigram                      bigram       000000
__Lbss                         bss          000000
__LbssBANK0                    bssBANK0     000000
__LbssBANK1                    bssBANK1     000000
__LbssCOMRAM                   bssCOMRAM    000000
__Lcinit                       cinit        000000
__Lclrtext                     clrtext      000000
__Lcomram                      comram       000000
__Lconfig                      config       000000
__Lconst                       const        000000
__LcstackBANK0                 cstackBANK0  000000
__LcstackBANK1                 cstackBANK1  000000
__LcstackCOMRAM                cstackCOMRAM 000000
__Ldata                        data         000000
__LdataBANK0                   dataBANK0    000000
__LdataBANK1                   dataBANK1    000000
__LdataCOMRAM                  dataCOMRAM   000000
__Leeprom_data                 eeprom_data  000000
__Lfarbss                      farbss       000000
__Lfardata                     fardata      000000
__Libigdata                    ibigdata     000000
__Lidata                       idata        000000
__LidataBANK0                  idataBANK0   000000
__LidataBANK1                  idataBANK1   000000
__LidataCOMRAM                 idataCOMRAM  000000
__Lidloc                       idloc        000000
__Lifardata                    ifardata     000000
__Linit                        init         0000FE
__Lintcode                     intcode      000008
__Lintcode_body                intcode_body 000000
__Lintcodelo                   intcodelo    0000FE
__Lintentry                    intentry     000000
__Lintret                      intret       000000
__Lintsave_regs                intsave_regs 000000
__Lirdata                      irdata       000000
__Lmediumconst                 mediumconst  007E46
__LnvBANK0                     nvBANK0      000000
__LnvFARRAM                    nvFARRAM     000000
__Lnvbit                       nvbit        000000
__Lnvrram                      nvrram       000000
__Lparam                       rparam       000000
__Lpowerup                     powerup      0000FE
__Lram                         ram          000000
__Lramtop                      ramtop       000600
__Lrbit                        rbit         000000
__Lrbss                        rbss         000000
__Lrdata                       rdata        000000
__Lreset_vec                   reset_vec    000000
__Lrparam                      rparam       000000
__Lsfr                         sfr          000000
__Lsmallconst                  smallconst   000000
__Lspace_0                     (abs)        000000
__Lspace_1                     (abs)        000000
__Lspace_2                     (abs)        000000
__Lspace_4                     (abs)        000000
__Lstack                       stack        000000
__Lstruct                      struct       000000
__Ltemp                        temp         000051
__Ltext                        text         000000
__Ltext0                       text0        000000
__Ltext1                       text1        000000
__Ltext10                      text10       000000
__Ltext11                      text11       000000
__Ltext12                      text12       000000
__Ltext13                      text13       000000
__Ltext14                      text14       000000
__Ltext15                      text15       000000
__Ltext16                      text16       000000
__Ltext17                      text17       000000
__Ltext18                      text18       000000
__Ltext19                      text19       000000
__Ltext2                       text2        000000
__Ltext20                      text20       000000
__Ltext21                      text21       000000
__Ltext22                      text22       000000
__Ltext23                      text23       000000
__Ltext24                      text24       000000
__Ltext25                      text25       000000
__Ltext26                      text26       000000
__Ltext27                      text27       000000
__Ltext28                      text28       000000
__Ltext29                      text29       000000
__Ltext3                       text3        000000
__Ltext30                      text30       000000
__Ltext31                      text31       000000
__Ltext32                      text32       000000
__Ltext33                      text33       000000
__Ltext34                      text34       000000
__Ltext35                      text35       000000
__Ltext36                      text36       000000
__Ltext38                      text38       000000
__Ltext4                       text4        000000
__Ltext5                       text5        000000
__Ltext6                       text6        000000
__Ltext7                       text7        000000
__Ltext8                       text8        000000
__Ltext9                       text9        000000
__S0                           (abs)        008000
__S1                           (abs)        00018B
__S2                           (abs)        000000
__S4                           (abs)        000000
__S5                           (abs)        000000
___awdiv                       text22       002CA4
___awdiv@counter               cstackCOMRAM 000013
___awdiv@dividend              cstackCOMRAM 00000F
___awdiv@divisor               cstackCOMRAM 000011
___awdiv@quotient              cstackCOMRAM 000015
___awdiv@sign                  cstackCOMRAM 000014
___awmod                       text21       002E2A
___awmod@counter               cstackCOMRAM 000013
___awmod@dividend              cstackCOMRAM 00000F
___awmod@divisor               cstackCOMRAM 000011
___awmod@sign                  cstackCOMRAM 000014
___fladd                       text17       0012CA
___fladd@a                     cstackBANK0  000075
___fladd@aexp                  cstackBANK0  00007E
___fladd@b                     cstackBANK0  000071
___fladd@bexp                  cstackBANK0  00007F
___fladd@grs                   cstackBANK0  000080
___fladd@signs                 cstackBANK0  00007D
___fldiv                       text35       001BB8
___fldiv@a                     cstackCOMRAM 000027
___fldiv@aexp                  cstackCOMRAM 00003B
___fldiv@b                     cstackCOMRAM 000023
___fldiv@bexp                  cstackCOMRAM 00003A
___fldiv@grs                   cstackCOMRAM 000036
___fldiv@new_exp               cstackCOMRAM 000034
___fldiv@rem                   cstackCOMRAM 00002F
___fldiv@sign                  cstackCOMRAM 000033
___fleq                        text20       002F8A
___fleq@ff1                    cstackCOMRAM 00000F
___fleq@ff2                    cstackCOMRAM 000013
___flge                        text19       002900
___flge@ff1                    cstackBANK0  000071
___flge@ff2                    cstackBANK0  000075
___flmul                       text34       00178C
___flmul@a                     cstackCOMRAM 000040
___flmul@aexp                  cstackBANK0  000065
___flmul@b                     cstackCOMRAM 00003C
___flmul@bexp                  cstackBANK0  00006A
___flmul@grs                   cstackBANK0  000066
___flmul@prod                  cstackBANK0  00006B
___flmul@sign                  cstackBANK0  000064
___flmul@temp                  cstackBANK0  00006F
___flneg                       text18       00345A
___flneg@f1                    cstackCOMRAM 00000F
___flsub                       text16       00335C
___flsub@a                     cstackBANK0  000085
___flsub@b                     cstackBANK0  000081
___fltol                       text33       0027F8
___fltol@exp1                  cstackBANK0  00007A
___fltol@f1                    cstackBANK0  000071
___fltol@sign1                 cstackBANK0  000079
___fpclassifyf                 text15       002A06
___fpclassifyf@F465            bssBANK1     00010A
___fpclassifyf@e               cstackCOMRAM 000017
___fpclassifyf@u               cstackCOMRAM 000019
___fpclassifyf@x               cstackCOMRAM 00000F
___inthi_sp                    stack        000000
___intlo_sp                    stack        000000
___param_bank                  (abs)        000000
___rparam_used                 (abs)        000001
___sp                          stack        000000
___wmul                        text26       003500
___wmul@multiplicand           cstackCOMRAM 000011
___wmul@multiplier             cstackCOMRAM 00000F
___wmul@product                cstackCOMRAM 000013
___xxtofl                      text36       0024B4
___xxtofl@arg                  cstackCOMRAM 00001F
___xxtofl@exp                  cstackCOMRAM 00001E
___xxtofl@sign                 cstackCOMRAM 00001D
___xxtofl@val                  cstackCOMRAM 000015
__accesstop                    (abs)        000060
__activetblptr                 (abs)        000002
__end_of___awdiv               text22       002D68
__end_of___awmod               text21       002EDA
__end_of___fladd               text17       00178C
__end_of___fldiv               text35       001F52
__end_of___fleq                text20       003034
__end_of___flge                text19       002A06
__end_of___flmul               text34       001BB8
__end_of___flneg               text18       003492
__end_of___flsub               text16       0033A4
__end_of___fltol               text33       002900
__end_of___fpclassifyf         text15       002B04
__end_of___wmul                text26       003526
__end_of___xxtofl              text36       002668
__end_of__initialization       cinit        0030B2
__end_of_atoi                  text23       0027F8
__end_of_calc_time_interrupt   text32       002F8A
__end_of_efgtoa                text5        000D5E
__end_of_floorf                text14       0024B4
__end_of_fputc                 text12       002CA4
__end_of_fputs                 text11       0033E8
__end_of_isdigit               text25       0034CA
__end_of_isr                   intcode      0000FE
__end_of_isspace               text24       00335C
__end_of_isupper               text7        00345A
__end_of_lcd_clear             text29       003566
__end_of_lcd_goto              text30       00358A
__end_of_lcd_init              text28       003138
__end_of_lcd_puts              text27       00325A
__end_of_lcd_write             text31       003422
__end_of_main                  text0        00229E
__end_of_pad                   text9        002E2A
__end_of_putch                 text13       003592
__end_of_sindata               mediumconst  007FAF
__end_of_sprintf               text1        00330A
__end_of_strcpy                text8        0032B6
__end_of_strlen                text10       003500
__end_of_strncmp               text4        002BDA
__end_of_tolower               text6        0031FA
__end_of_vfpfcnvrt             text3        0012CA
__end_of_vfprintf              text2        00319A
__end_ofi2___wmul              text38       00354C
__initialization               cinit        003034
__mediumconst                  mediumconst  007E46
__pbssBANK0                    bssBANK0     0000EF
__pbssBANK1                    bssBANK1     000100
__pbssCOMRAM                   bssCOMRAM    000044
__pcinit                       cinit        003034
__pcstackBANK0                 cstackBANK0  000060
__pcstackBANK1                 cstackBANK1  00017B
__pcstackCOMRAM                cstackCOMRAM 000001
__pdataBANK0                   dataBANK0    0000F5
__pdataBANK1                   dataBANK1    000166
__pdataCOMRAM                  dataCOMRAM   00004F
__pidataBANK0                  idataBANK0   00358A
__pidataBANK1                  idataBANK1   003566
__pidataCOMRAM                 idataCOMRAM  00358E
__pintcode                     intcode      000008
__pmediumconst                 mediumconst  007E46
__pnvBANK0                     nvBANK0      0000F9
__ptext0                       text0        001F52
__ptext1                       text1        0032B6
__ptext10                      text10       0034CA
__ptext11                      text11       0033A4
__ptext12                      text12       002BDA
__ptext13                      text13       003590
__ptext14                      text14       00229E
__ptext15                      text15       002A06
__ptext16                      text16       00335C
__ptext17                      text17       0012CA
__ptext18                      text18       00345A
__ptext19                      text19       002900
__ptext2                       text2        003138
__ptext20                      text20       002F8A
__ptext21                      text21       002E2A
__ptext22                      text22       002CA4
__ptext23                      text23       002668
__ptext24                      text24       00330A
__ptext25                      text25       003492
__ptext26                      text26       003500
__ptext27                      text27       0031FA
__ptext28                      text28       0030C0
__ptext29                      text29       00354C
__ptext3                       text3        000D5E
__ptext30                      text30       00357C
__ptext31                      text31       0033E8
__ptext32                      text32       002EDA
__ptext33                      text33       0027F8
__ptext34                      text34       00178C
__ptext35                      text35       001BB8
__ptext36                      text36       0024B4
__ptext38                      text38       003526
__ptext4                       text4        002B04
__ptext5                       text5        000102
__ptext6                       text6        00319A
__ptext7                       text7        003422
__ptext8                       text8        00325A
__ptext9                       text9        002D68
__ramtop                       ramtop       000600
__size_of___awdiv              (abs)        000000
__size_of___awmod              (abs)        000000
__size_of___fladd              (abs)        000000
__size_of___fldiv              (abs)        000000
__size_of___fleq               (abs)        000000
__size_of___flge               (abs)        000000
__size_of___flmul              (abs)        000000
__size_of___flneg              (abs)        000000
__size_of___flsub              (abs)        000000
__size_of___fltol              (abs)        000000
__size_of___fpclassifyf        (abs)        000000
__size_of___wmul               (abs)        000000
__size_of___xxtofl             (abs)        000000
__size_of_atoi                 (abs)        000000
__size_of_calc_time_interrupt  (abs)        000000
__size_of_efgtoa               (abs)        000000
__size_of_floorf               (abs)        000000
__size_of_fputc                (abs)        000000
__size_of_fputs                (abs)        000000
__size_of_isdigit              (abs)        000000
__size_of_isr                  (abs)        000000
__size_of_isspace              (abs)        000000
__size_of_isupper              (abs)        000000
__size_of_lcd_clear            (abs)        000000
__size_of_lcd_goto             (abs)        000000
__size_of_lcd_init             (abs)        000000
__size_of_lcd_puts             (abs)        000000
__size_of_lcd_write            (abs)        000000
__size_of_main                 (abs)        000000
__size_of_pad                  (abs)        000000
__size_of_putch                (abs)        000000
__size_of_sprintf              (abs)        000000
__size_of_strcpy               (abs)        000000
__size_of_strlen               (abs)        000000
__size_of_strncmp              (abs)        000000
__size_of_tolower              (abs)        000000
__size_of_vfpfcnvrt            (abs)        000000
__size_of_vfprintf             (abs)        000000
__size_ofi2___wmul             (abs)        000000
__smallconst                   smallconst   000000
_atoi                          text23       002668
_atoi$945                      cstackCOMRAM 00001E
_atoi$946                      cstackCOMRAM 000022
_atoi$947                      cstackCOMRAM 000020
_calc_time_interrupt           text32       002EDA
_data                          bssCOMRAM    00004A
_dbuf                          bssBANK1     000116
_default_tocon                 dataCOMRAM   00004F
_efgtoa                        text5        000102
_efgtoa$880                    cstackBANK0  000095
_efgtoa$881                    cstackBANK0  000097
_efgtoa$886                    cstackBANK0  000099
_efgtoa$890                    cstackBANK0  00009B
_efgtoa$891                    cstackBANK0  00009D
_efgtoa$892                    cstackBANK0  00009F
_flags                         bssCOMRAM    000048
_floorf                        text14       00229E
_fputc                         text12       002BDA
_fputs                         text11       0033A4
_gain                          dataBANK0    0000F7
_gain_lcd                      bssBANK1     000112
_i                             bssCOMRAM    00004C
_isdigit                       text25       003492
_isr                           intcode      000008
_isspace                       text24       00330A
_isspace$976                   cstackCOMRAM 000015
_isupper                       text7        003422
_lcd_clear                     text29       00354C
_lcd_goto                      text30       00357C
_lcd_init                      text28       0030C0
_lcd_puts                      text27       0031FA
_lcd_write                     text31       0033E8
_line                          dataBANK1    000166
_main                          text0        001F52
_new_freq                      bssCOMRAM    000044
_nout                          bssBANK0     0000EF
_offset                        dataBANK0    0000F5
_offset_lcd                    bssBANK1     00010E
_pad                           text9        002D68
_prec                          bssBANK0     0000F3
_prescaler                     dataBANK1    000177
_putch                         text13       003590
_sindata                       mediumconst  007E47
_sprintf                       text1        0032B6
_strcpy                        text8        00325A
_strlen                        text10       0034CA
_strncmp                       text4        002B04
_tolower                       text6        00319A
_tolower$1040                  cstackCOMRAM 00001B
_value                         bssCOMRAM    00004E
_value_TMR0                    nvBANK0      0000F9
_vfpfcnvrt                     text3        000D5E
_vfpfcnvrt$906                 cstackBANK0  0000D7
_vfpfcnvrt$907                 cstackBANK0  0000D9
_vfpfcnvrt$911                 cstackBANK0  0000DB
_vfprintf                      text2        003138
_width                         bssBANK0     0000F1
atoi@n                         cstackCOMRAM 000023
atoi@neg                       cstackCOMRAM 00001C
atoi@s                         cstackCOMRAM 000016
btemp                          temp         000051
calc_time_interrupt@freq_value cstackBANK0  00007B
efgtoa@c                       cstackBANK0  00008F
efgtoa@d                       cstackBANK0  0000AD
efgtoa@e                       cstackBANK0  0000C5
efgtoa@f                       cstackBANK0  00008B
efgtoa@fp                      cstackBANK0  000089
efgtoa@g                       cstackBANK0  0000C1
efgtoa@h                       cstackBANK0  0000B7
efgtoa@i                       cstackBANK0  0000BF
efgtoa@l                       cstackBANK0  0000BB
efgtoa@m                       cstackBANK0  0000A7
efgtoa@mode                    cstackBANK0  0000B6
efgtoa@n                       cstackBANK0  0000C7
efgtoa@ne                      cstackBANK0  0000A5
efgtoa@nmode                   cstackBANK0  0000B5
efgtoa@ou                      cstackBANK0  0000A9
efgtoa@p                       cstackBANK0  0000B1
efgtoa@pp                      cstackBANK0  0000A3
efgtoa@sign                    cstackBANK0  0000AF
efgtoa@t                       cstackBANK0  0000A1
efgtoa@u                       cstackBANK0  0000C9
efgtoa@w                       cstackBANK0  0000B3
end_of_initialization          cinit        0030B2
floorf@F527                    bssBANK1     000106
floorf@e                       cstackBANK0  00006A
floorf@m                       cstackBANK0  000066
floorf@u                       cstackBANK0  00006C
floorf@x                       cstackCOMRAM 00003C
fputc@c                        cstackCOMRAM 00000F
fputc@fp                       cstackCOMRAM 000011
fputs@c                        cstackCOMRAM 00001C
fputs@fp                       cstackCOMRAM 00001A
fputs@i                        cstackCOMRAM 00001D
fputs@s                        cstackCOMRAM 000018
i2___wmul                      text38       003526
i2___wmul@multiplicand         cstackCOMRAM 000003
i2___wmul@multiplier           cstackCOMRAM 000001
i2___wmul@product              cstackCOMRAM 000005
int$flags                      temp         000051
intlevel0                      text         000000
intlevel1                      text         000000
intlevel2                      text         000000
intlevel3                      text         000000
isa$std                        (abs)        000001
isa$xinst                      (abs)        000000
isdigit@c                      cstackCOMRAM 00000F
isspace@c                      cstackCOMRAM 00000F
isupper@c                      cstackCOMRAM 00000F
lcd_goto@pos                   cstackCOMRAM 000011
lcd_puts@s                     cstackCOMRAM 000011
lcd_write@c                    cstackCOMRAM 000010
pad@buf                        cstackCOMRAM 000021
pad@fp                         cstackCOMRAM 00001F
pad@i                          cstackCOMRAM 000026
pad@p                          cstackCOMRAM 000023
pad@w                          cstackCOMRAM 000028
sprintf@ap                     cstackBANK1  000183
sprintf@f                      cstackBANK1  000185
sprintf@fmt                    cstackBANK1  00017D
sprintf@s                      cstackBANK1  00017B
stackhi                        (abs)        0005FF
stacklo                        (abs)        00018B
start                          init         0000FE
start_initialization           cinit        003034
strcpy@d                       cstackCOMRAM 000017
strcpy@dest                    cstackCOMRAM 00000F
strcpy@s                       cstackCOMRAM 000015
strcpy@src                     cstackCOMRAM 000011
strlen@a                       cstackCOMRAM 000011
strlen@s                       cstackCOMRAM 00000F
strncmp@_l                     cstackCOMRAM 00000F
strncmp@_r                     cstackCOMRAM 000011
strncmp@l                      cstackCOMRAM 000016
strncmp@n                      cstackCOMRAM 000013
strncmp@r                      cstackCOMRAM 000018
tolower@c                      cstackCOMRAM 000015
ttemp5                         temp         000052
ttemp6                         temp         000055
ttemp7                         temp         000059
vfpfcnvrt@ap                   cstackBANK0  0000D1
vfpfcnvrt@c                    cstackBANK0  0000E4
vfpfcnvrt@ct                   cstackBANK0  0000E1
vfpfcnvrt@f                    cstackBANK0  0000DD
vfpfcnvrt@fmt                  cstackBANK0  0000CF
vfpfcnvrt@fp                   cstackBANK0  0000CD
vfprintf@ap                    cstackBANK0  0000E9
vfprintf@cfmt                  cstackBANK0  0000EB
vfprintf@fmt                   cstackBANK0  0000E7
vfprintf@fp                    cstackBANK0  0000E5
wtemp8                         temp         000052


MODULE INFORMATION

Module		Function		Class		Link	Load	Size
C:\Program Files\Microchip\xc8\v2.32\pic\sources\c99\common\nf_sprintf.c
		_sprintf       		CODE           	32B6	0000	84

C:\Program Files\Microchip\xc8\v2.32\pic\sources\c99\common\nf_sprintf.c estimated size: 84

C:\Program Files\Microchip\xc8\v2.32\pic\sources\c99\common\awdiv.c
		___awdiv       		CODE           	2CA4	0000	196

C:\Program Files\Microchip\xc8\v2.32\pic\sources\c99\common\awdiv.c estimated size: 196

C:\Program Files\Microchip\xc8\v2.32\pic\sources\c99\common\isdigit.c
		_isdigit       		CODE           	3492	0000	56

C:\Program Files\Microchip\xc8\v2.32\pic\sources\c99\common\isdigit.c estimated size: 56

C:\Program Files\Microchip\xc8\v2.32\pic\sources\c99\common\sprcadd.c
		___flsub       		CODE           	335C	0000	72
		___fladd       		CODE           	12CA	0000	1218

C:\Program Files\Microchip\xc8\v2.32\pic\sources\c99\common\sprcadd.c estimated size: 1290

C:\Program Files\Microchip\xc8\v2.32\pic\sources\c99\common\doprnt.c
		_vfpfcnvrt     		CODE           	0D5E	0000	1388
		_efgtoa        		CODE           	0102	0000	3164
		_pad           		CODE           	2D68	0000	194
		_vfprintf      		CODE           	3138	0000	98

C:\Program Files\Microchip\xc8\v2.32\pic\sources\c99\common\doprnt.c estimated size: 4844

C:\Program Files\Microchip\xc8\v2.32\pic\sources\c99\common\flneg.c
		___flneg       		CODE           	345A	0000	56

C:\Program Files\Microchip\xc8\v2.32\pic\sources\c99\common\flneg.c estimated size: 56

newmain.c
		_main          		CODE           	1F52	0000	844
		_isr           		CODE           	0008	0000	246
		_calc_time_interrupt		CODE           	2EDA	0000	176

newmain.c estimated size: 1266

C:\Program Files\Microchip\xc8\v2.32\pic\sources\c99\common\atoi.c
		_atoi          		CODE           	2668	0000	400

C:\Program Files\Microchip\xc8\v2.32\pic\sources\c99\common\atoi.c estimated size: 400

C:\Program Files\Microchip\xc8\v2.32\pic\sources\c99\common\nf_fputs.c
		_fputs         		CODE           	33A4	0000	68

C:\Program Files\Microchip\xc8\v2.32\pic\sources\c99\common\nf_fputs.c estimated size: 68

C:\Program Files\Microchip\xc8\v2.32\pic\sources\c99\common\fleq.c
		___fleq        		CODE           	2F8A	0000	170

C:\Program Files\Microchip\xc8\v2.32\pic\sources\c99\common\fleq.c estimated size: 170

C:\Program Files\Microchip\xc8\v2.32\pic\sources\c99\common\putch.c
		_putch         		CODE           	3590	0000	2

C:\Program Files\Microchip\xc8\v2.32\pic\sources\c99\common\putch.c estimated size: 2

C:\Program Files\Microchip\xc8\v2.32\pic\sources\c99\common\__fpclassifyf.c
		___fpclassifyf 		CODE           	2A06	0000	254

C:\Program Files\Microchip\xc8\v2.32\pic\sources\c99\common\__fpclassifyf.c estimated size: 254

C:\Program Files\Microchip\xc8\v2.32\pic\sources\c99\common\isupper.c
		_isupper       		CODE           	3422	0000	56

C:\Program Files\Microchip\xc8\v2.32\pic\sources\c99\common\isupper.c estimated size: 56

C:\Program Files\Microchip\xc8\v2.32\pic\sources\c99\common\Umul16.c
		___wmul        		CODE           	3500	0000	38

C:\Program Files\Microchip\xc8\v2.32\pic\sources\c99\common\Umul16.c estimated size: 38

C:\Program Files\Microchip\xc8\v2.32\pic\sources\c99\common\isspace.c
		_isspace       		CODE           	330A	0000	82

C:\Program Files\Microchip\xc8\v2.32\pic\sources\c99\common\isspace.c estimated size: 82

C:\Program Files\Microchip\xc8\v2.32\pic\sources\c99\common\strncmp.c
		_strncmp       		CODE           	2B04	0000	214

C:\Program Files\Microchip\xc8\v2.32\pic\sources\c99\common\strncmp.c estimated size: 214

C:\Program Files\Microchip\xc8\v2.32\pic\sources\c99\common\tolower.c
		_tolower       		CODE           	319A	0000	96

C:\Program Files\Microchip\xc8\v2.32\pic\sources\c99\common\tolower.c estimated size: 96

shared
		_sindata       		MEDIUMCONST    	7E47	0000	360
		i2___wmul      		CODE           	3526	0000	38
		__initialization		CODE           	3034	0000	126

shared estimated size: 524

C:\Program Files\Microchip\xc8\v2.32\pic\sources\c99\common\sprcmul.c
		___flmul       		CODE           	178C	0000	1068

C:\Program Files\Microchip\xc8\v2.32\pic\sources\c99\common\sprcmul.c estimated size: 1068

C:\Program Files\Microchip\xc8\v2.32\pic\sources\c99\common\awmod.c
		___awmod       		CODE           	2E2A	0000	176

C:\Program Files\Microchip\xc8\v2.32\pic\sources\c99\common\awmod.c estimated size: 176

C:\Program Files\Microchip\xc8\v2.32\pic\sources\c99\common\sprcdiv.c
		___fldiv       		CODE           	1BB8	0000	922

C:\Program Files\Microchip\xc8\v2.32\pic\sources\c99\common\sprcdiv.c estimated size: 922

C:\Program Files\Microchip\xc8\v2.32\pic\sources\c99\common\fltol.c
		___fltol       		CODE           	27F8	0000	264

C:\Program Files\Microchip\xc8\v2.32\pic\sources\c99\common\fltol.c estimated size: 264

C:\Program Files\Microchip\xc8\v2.32\pic\sources\c99\common\xxtofl.c
		___xxtofl      		CODE           	24B4	0000	436

C:\Program Files\Microchip\xc8\v2.32\pic\sources\c99\common\xxtofl.c estimated size: 436

C:\Program Files\Microchip\xc8\v2.32\pic\sources\c99\common\nf_fputc.c
		_fputc         		CODE           	2BDA	0000	202

C:\Program Files\Microchip\xc8\v2.32\pic\sources\c99\common\nf_fputc.c estimated size: 202

C:\Program Files\Microchip\xc8\v2.32\pic\sources\c99\common\strlen.c
		_strlen        		CODE           	34CA	0000	54

C:\Program Files\Microchip\xc8\v2.32\pic\sources\c99\common\strlen.c estimated size: 54

C:\Program Files\Microchip\xc8\v2.32\pic\sources\c99\common\flge.c
		___flge        		CODE           	2900	0000	262

C:\Program Files\Microchip\xc8\v2.32\pic\sources\c99\common\flge.c estimated size: 262

C:\Program Files\Microchip\xc8\v2.32\pic\sources\c99\common\floorf.c
		_floorf        		CODE           	229E	0000	534

C:\Program Files\Microchip\xc8\v2.32\pic\sources\c99\common\floorf.c estimated size: 534

C:\Program Files\Microchip\xc8\v2.32\pic\sources\c99\common\strcpy.c
		_strcpy        		CODE           	325A	0000	92

C:\Program Files\Microchip\xc8\v2.32\pic\sources\c99\common\strcpy.c estimated size: 92

LCD.c
		_lcd_puts      		CODE           	31FA	0000	96
		_lcd_clear     		CODE           	354C	0000	26
		_lcd_goto      		CODE           	357C	0000	14
		_lcd_write     		CODE           	33E8	0000	58
		_lcd_init      		CODE           	30C0	0000	120

LCD.c estimated size: 314

